# serializer version: 1
# name: test_parking_model
  list([
    ParkingSpot(
      created_at=datetime.datetime(2020, 9, 16, 0, 0, tzinfo=datetime.timezone.utc),
      latitude=50.46580805599107,
      longitude=4.87520726773486,
      parking_type='PMR',
      source_attributes=dict({
        'code_rue': '1813',
        'date_creation': '2020-09-16',
        'distance_ptadresse': 9.9539280576,
        'geo_point_2d': list([
          50.46580805599107,
          4.87520726773486,
        ]),
        'geo_shape': dict({
          'coordinates': list([
            4.87520726773486,
            50.46580805599107,
          ]),
          'type': 'Point',
        }),
        'horaire': 'Lundi au Samedi, de 9h à 17h - max. 8h',
        'identifiant': '2172',
        'largeur': 3.5,
        'localite': 'NAMUR',
        'longueur': 5.0,
        'num_police': '2',
        'rue_nom': "Place de l'Ecole des Cadets",
        'superficie': 17.51,
        'type_parking': 'PMR',
        'zone_stationn': 'Orange',
      }),
      spot_id='2172',
      street="Place de l'Ecole des Cadets",
      updated_at=datetime.datetime(2022, 8, 28, 1, 10, tzinfo=datetime.timezone.utc),
    ),
    ParkingSpot(
      created_at=datetime.datetime(2020, 9, 16, 0, 0, tzinfo=datetime.timezone.utc),
      latitude=50.46702277846857,
      longitude=4.868819424458087,
      parking_type='PMR',
      source_attributes=dict({
        'code_rue': '1273',
        'date_creation': '2020-09-16',
        'distance_ptadresse': 16.59676176229,
        'geo_point_2d': list([
          50.46702277846857,
          4.868819424458087,
        ]),
        'geo_shape': dict({
          'coordinates': list([
            4.868819424458087,
            50.46702277846857,
          ]),
          'type': 'Point',
        }),
        'horaire': 'Lundi au Samedi, de 9h à 17h - max. 3h',
        'identifiant': '2529',
        'largeur': 3.0,
        'localite': 'NAMUR',
        'longueur': 4.88,
        'num_police': '16',
        'rue_nom': 'Rue Lucien Namêche',
        'superficie': 15.0,
        'type_parking': 'PMR',
        'zone_stationn': 'Rouge',
      }),
      spot_id='2529',
      street='Rue Lucien Namêche',
      updated_at=datetime.datetime(2022, 8, 28, 1, 10, tzinfo=datetime.timezone.utc),
    ),
    ParkingSpot(
      created_at=datetime.datetime(2020, 9, 16, 0, 0, tzinfo=datetime.timezone.utc),
      latitude=50.47341760702161,
      longitude=4.821362935779792,
      parking_type='PMR',
      source_attributes=dict({
        'code_rue': '3269',
        'date_creation': '2020-09-16',
        'distance_ptadresse': 7.44149244227,
        'geo_point_2d': list([
          50.47341760702161,
          4.821362935779792,
        ]),
        'geo_shape': dict({
          'coordinates': list([
            4.821362935779792,
            50.47341760702161,
          ]),
          'type': 'Point',
        }),
        'identifiant': '14378',
        'largeur': 2.31,
        'localite': 'BELGRADE',
        'longueur': 5.94,
        'num_police': '8',
        'rue_nom': 'Rue du Treizième de Ligne',
        'superficie': 13.88,
        'type_parking': 'PMR',
      }),
      spot_id='14378',
      street='Rue du Treizième de Ligne',
      updated_at=datetime.datetime(2022, 8, 28, 1, 10, tzinfo=datetime.timezone.utc),
    ),
    ParkingSpot(
      created_at=datetime.datetime(2020, 9, 16, 0, 0, tzinfo=datetime.timezone.utc),
      latitude=50.4639856538556,
      longitude=4.87941976567549,
      parking_type='PMR',
      source_attributes=dict({
        'code_rue': '5607',
        'date_creation': '2020-09-16',
        'distance_ptadresse': 66.06902751104,
        'geo_point_2d': list([
          50.4639856538556,
          4.87941976567549,
        ]),
        'geo_shape': dict({
          'coordinates': list([
            4.87941976567549,
            50.4639856538556,
          ]),
          'type': 'Point',
        }),
        'identifiant': '15582',
        'largeur': 4.52,
        'localite': 'JAMBES',
        'longueur': 6.04,
        'num_police': '1',
        'rue_nom': 'Rue Charles Lamquet',
        'superficie': 27.47,
        'type_parking': 'PMR',
      }),
      spot_id='15582',
      street='Rue Charles Lamquet',
      updated_at=datetime.datetime(2022, 8, 28, 1, 10, tzinfo=datetime.timezone.utc),
    ),
    ParkingSpot(
      created_at=datetime.datetime(2020, 9, 16, 0, 0, tzinfo=datetime.timezone.utc),
      latitude=50.46122805654307,
      longitude=4.877104301130791,
      parking_type='PMR',
      source_attributes=dict({
        'code_rue': '5521',
        'date_creation': '2020-09-16',
        'distance_ptadresse': 11.05171925906,
        'geo_point_2d': list([
          50.46122805654307,
          4.877104301130791,
        ]),
        'geo_shape': dict({
          'coordinates': list([
            4.877104301130791,
            50.46122805654307,
          ]),
          'type': 'Point',
        }),
        'horaire': 'Lundi au Samedi, de 9h à 17h - max. 3h',
        'identifiant': '15591',
        'largeur': 2.5,
        'localite': 'JAMBES',
        'longueur': 5.07,
        'num_police': '34',
        'rue_nom': 'Place Joséphine Charlotte',
        'superficie': 9.97,
        'type_parking': 'PMR',
        'zone_stationn': 'Rouge',
      }),
      spot_id='15591',
      street='Place Joséphine Charlotte',
      updated_at=datetime.datetime(2022, 8, 28, 1, 10, tzinfo=datetime.timezone.utc),
    ),
    ParkingSpot(
      created_at=datetime.datetime(2020, 9, 16, 0, 0, tzinfo=datetime.timezone.utc),
      latitude=50.4406149774601,
      longitude=4.896604222426458,
      parking_type='PMR',
      source_attributes=dict({
        'code_rue': '4837',
        'date_creation': '2020-09-16',
        'distance_ptadresse': 69.87650985179,
        'geo_point_2d': list([
          50.4406149774601,
          4.896604222426458,
        ]),
        'geo_shape': dict({
          'coordinates': list([
            4.896604222426458,
            50.4406149774601,
          ]),
          'type': 'Point',
        }),
        'identifiant': '15586',
        'largeur': 2.5,
        'localite': 'ERPENT',
        'longueur': 6.04,
        'num_police': '5A',
        'rue_nom': 'Place Notre-Dame de la Paix',
        'superficie': 15.15,
        'type_parking': 'PMR',
      }),
      spot_id='15586',
      street='Place Notre-Dame de la Paix',
      updated_at=datetime.datetime(2022, 8, 28, 1, 10, tzinfo=datetime.timezone.utc),
    ),
    ParkingSpot(
      created_at=datetime.datetime(2020, 9, 16, 0, 0, tzinfo=datetime.timezone.utc),
      latitude=50.45869389215245,
      longitude=4.88408357144082,
      parking_type='PMR',
      source_attributes=dict({
        'code_rue': '5608',
        'date_creation': '2020-09-16',
        'distance_ptadresse': 3.32929221757,
        'geo_point_2d': list([
          50.45869389215245,
          4.88408357144082,
        ]),
        'geo_shape': dict({
          'coordinates': list([
            4.88408357144082,
            50.45869389215245,
          ]),
          'type': 'Point',
        }),
        'identifiant': '15590',
        'largeur': 2.08,
        'localite': 'JAMBES',
        'longueur': 6.0,
        'num_police': '166',
        'rue_nom': 'Chaussée de Liège',
        'superficie': 12.49,
        'type_parking': 'PMR',
      }),
      spot_id='15590',
      street='Chaussée de Liège',
      updated_at=datetime.datetime(2022, 8, 28, 1, 10, tzinfo=datetime.timezone.utc),
    ),
    ParkingSpot(
      created_at=datetime.datetime(2020, 9, 16, 0, 0, tzinfo=datetime.timezone.utc),
      latitude=50.461210614713515,
      longitude=4.877126555534669,
      parking_type='PMR',
      source_attributes=dict({
        'code_rue': '5521',
        'date_creation': '2020-09-16',
        'distance_ptadresse': 13.59126096752,
        'geo_point_2d': list([
          50.461210614713515,
          4.877126555534669,
        ]),
        'geo_shape': dict({
          'coordinates': list([
            4.877126555534669,
            50.461210614713515,
          ]),
          'type': 'Point',
        }),
        'horaire': 'Lundi au Samedi, de 9h à 17h - max. 3h',
        'identifiant': '15592',
        'largeur': 2.39,
        'localite': 'JAMBES',
        'longueur': 4.9,
        'num_police': '34',
        'rue_nom': 'Place Joséphine Charlotte',
        'superficie': 9.21,
        'type_parking': 'PMR',
        'zone_stationn': 'Rouge',
      }),
      spot_id='15592',
      street='Place Joséphine Charlotte',
      updated_at=datetime.datetime(2022, 8, 28, 1, 10, tzinfo=datetime.timezone.utc),
    ),
    ParkingSpot(
      created_at=datetime.datetime(2020, 9, 16, 0, 0, tzinfo=datetime.timezone.utc),
      latitude=50.4624169952671,
      longitude=4.876987945585452,
      parking_type='PMR',
      source_attributes=dict({
        'code_rue': '5619',
        'date_creation': '2020-09-16',
        'distance_ptadresse': 3.10894678015,
        'geo_point_2d': list([
          50.4624169952671,
          4.876987945585452,
        ]),
        'geo_shape': dict({
          'coordinates': list([
            4.876987945585452,
            50.4624169952671,
          ]),
          'type': 'Point',
        }),
        'identifiant': '15594',
        'largeur': 1.83,
        'localite': 'JAMBES',
        'longueur': 6.01,
        'num_police': '64',
        'rue_nom': 'Rue Commandant Tilot',
        'superficie': 11.09,
        'type_parking': 'PMR',
      }),
      spot_id='15594',
      street='Rue Commandant Tilot',
      updated_at=datetime.datetime(2022, 8, 28, 1, 10, tzinfo=datetime.timezone.utc),
    ),
    ParkingSpot(
      created_at=datetime.datetime(2020, 9, 16, 0, 0, tzinfo=datetime.timezone.utc),
      latitude=50.47477032756567,
      longitude=4.837716682008543,
      parking_type='PMR',
      source_attributes=dict({
        'code_rue': '7404',
        'date_creation': '2020-09-16',
        'distance_ptadresse': 1.96976594961,
        'geo_point_2d': list([
          50.47477032756567,
          4.837716682008543,
        ]),
        'geo_shape': dict({
          'coordinates': list([
            4.837716682008543,
            50.47477032756567,
          ]),
          'type': 'Point',
        }),
        'identifiant': '14175',
        'largeur': 2.0,
        'localite': 'SAINT-SERVAIS',
        'longueur': 6.1,
        'num_police': '13',
        'rue_nom': 'Rue du Bouquet',
        'superficie': 12.19,
        'type_parking': 'PMR',
      }),
      spot_id='14175',
      street='Rue du Bouquet',
      updated_at=datetime.datetime(2022, 8, 28, 1, 10, tzinfo=datetime.timezone.utc),
    ),
  ])
# ---
