# serializer version: 1
# name: test_parking_model
  list([
    ParkingSpot(
      created_at=datetime.datetime(2020, 9, 16, 0, 0, tzinfo=datetime.timezone.utc),
      latitude=50.46580805599107,
      longitude=4.87520726773486,
      parking_type='PMR',
      spot_id='2172',
      street="Place de l'Ecole des Cadets",
      updated_at=datetime.datetime(2022, 8, 28, 1, 10, tzinfo=datetime.timezone.utc),
    ),
    ParkingSpot(
      created_at=datetime.datetime(2020, 9, 16, 0, 0, tzinfo=datetime.timezone.utc),
      latitude=50.46702277846857,
      longitude=4.868819424458087,
      parking_type='PMR',
      spot_id='2529',
      street='Rue Lucien Namêche',
      updated_at=datetime.datetime(2022, 8, 28, 1, 10, tzinfo=datetime.timezone.utc),
    ),
    ParkingSpot(
      created_at=datetime.datetime(2020, 9, 16, 0, 0, tzinfo=datetime.timezone.utc),
      latitude=50.47341760702161,
      longitude=4.821362935779792,
      parking_type='PMR',
      spot_id='14378',
      street='Rue du Treizième de Ligne',
      updated_at=datetime.datetime(2022, 8, 28, 1, 10, tzinfo=datetime.timezone.utc),
    ),
    ParkingSpot(
      created_at=datetime.datetime(2020, 9, 16, 0, 0, tzinfo=datetime.timezone.utc),
      latitude=50.4639856538556,
      longitude=4.87941976567549,
      parking_type='PMR',
      spot_id='15582',
      street='Rue Charles Lamquet',
      updated_at=datetime.datetime(2022, 8, 28, 1, 10, tzinfo=datetime.timezone.utc),
    ),
    ParkingSpot(
      created_at=datetime.datetime(2020, 9, 16, 0, 0, tzinfo=datetime.timezone.utc),
      latitude=50.46122805654307,
      longitude=4.877104301130791,
      parking_type='PMR',
      spot_id='15591',
      street='Place Joséphine Charlotte',
      updated_at=datetime.datetime(2022, 8, 28, 1, 10, tzinfo=datetime.timezone.utc),
    ),
    ParkingSpot(
      created_at=datetime.datetime(2020, 9, 16, 0, 0, tzinfo=datetime.timezone.utc),
      latitude=50.4406149774601,
      longitude=4.896604222426458,
      parking_type='PMR',
      spot_id='15586',
      street='Place Notre-Dame de la Paix',
      updated_at=datetime.datetime(2022, 8, 28, 1, 10, tzinfo=datetime.timezone.utc),
    ),
    ParkingSpot(
      created_at=datetime.datetime(2020, 9, 16, 0, 0, tzinfo=datetime.timezone.utc),
      latitude=50.45869389215245,
      longitude=4.88408357144082,
      parking_type='PMR',
      spot_id='15590',
      street='Chaussée de Liège',
      updated_at=datetime.datetime(2022, 8, 28, 1, 10, tzinfo=datetime.timezone.utc),
    ),
    ParkingSpot(
      created_at=datetime.datetime(2020, 9, 16, 0, 0, tzinfo=datetime.timezone.utc),
      latitude=50.461210614713515,
      longitude=4.877126555534669,
      parking_type='PMR',
      spot_id='15592',
      street='Place Joséphine Charlotte',
      updated_at=datetime.datetime(2022, 8, 28, 1, 10, tzinfo=datetime.timezone.utc),
    ),
    ParkingSpot(
      created_at=datetime.datetime(2020, 9, 16, 0, 0, tzinfo=datetime.timezone.utc),
      latitude=50.4624169952671,
      longitude=4.876987945585452,
      parking_type='PMR',
      spot_id='15594',
      street='Rue Commandant Tilot',
      updated_at=datetime.datetime(2022, 8, 28, 1, 10, tzinfo=datetime.timezone.utc),
    ),
    ParkingSpot(
      created_at=datetime.datetime(2020, 9, 16, 0, 0, tzinfo=datetime.timezone.utc),
      latitude=50.47477032756567,
      longitude=4.837716682008543,
      parking_type='PMR',
      spot_id='14175',
      street='Rue du Bouquet',
      updated_at=datetime.datetime(2022, 8, 28, 1, 10, tzinfo=datetime.timezone.utc),
    ),
  ])
# ---
